[full-v2] 25 new requests done (last: select|normalized|C005_R00|T141_p0, 2207 ms)
[full-v2] 50 new requests done (last: select|tscg_info|C005_R00|T151_p1, 5717 ms)
[full-v2] 75 new requests done (last: select|normalized|C010_R00|T141_p0, 3338 ms)
[full-v2] 100 new requests done (last: select|tscg_info|C010_R00|T151_p1, 7376 ms)
[full-v2] 125 new requests done (last: select|normalized|C020_R00|T141_p0, 4608 ms)
[full-v2] 150 new requests done (last: select|tscg_info|C020_R00|T151_p1, 9030 ms)
[full-v2] 175 new requests done (last: select|normalized|C050_R00|T141_p0, 9097 ms)
[full-v2] 200 new requests done (last: select|tscg_info|C050_R00|T151_p1, 16418 ms)
[full-v2] 225 new requests done (last: select|normalized|C100_R00|T141_p0, 18718 ms)
[full-v2] 250 new requests done (last: select|tscg_info|C100_R00|T151_p1, 18213 ms)
[full-v2] 275 new requests done (last: select|normalized|C005_R01|T178_p0, 3983 ms)
[full-v2] 300 new requests done (last: select|tscg_info|C005_R01|T286_p1, 3037 ms)
[full-v2] 325 new requests done (last: select|normalized|C010_R01|T178_p0, 5702 ms)
[full-v2] 350 new requests done (last: select|tscg_info|C010_R01|T286_p1, 3981 ms)
[full-v2] 375 new requests done (last: select|normalized|C020_R01|T178_p0, 9605 ms)
[full-v2] 400 new requests done (last: select|tscg_info|C020_R01|T286_p1, 4892 ms)
[full-v2] 425 new requests done (last: select|normalized|C050_R01|T178_p0, 19450 ms)
[full-v2] 450 new requests done (last: select|tscg_info|C050_R01|T286_p1, 9746 ms)
[full-v2] 475 new requests done (last: select|normalized|C100_R01|T178_p0, 56327 ms)
[full-v2] 500 new requests done (last: select|tscg_info|C100_R01|T286_p1, 17902 ms)
[full-v2] 525 new requests done (last: select|normalized|C005_R02|T008_p0, 5524 ms)
[full-v2] 550 new requests done (last: select|tscg_info|C005_R02|T120_p1, 4087 ms)
[full-v2] 575 new requests done (last: select|normalized|C010_R02|T008_p0, 9718 ms)
[full-v2] 600 new requests done (last: select|tscg_info|C010_R02|T120_p1, 4630 ms)
[full-v2] 625 new requests done (last: select|normalized|C020_R02|T008_p0, 14407 ms)
[full-v2] 650 new requests done (last: select|tscg_info|C020_R02|T120_p1, 7020 ms)
[full-v2] 675 new requests done (last: select|normalized|C050_R02|T008_p0, 25297 ms)
[full-v2] 700 new requests done (last: select|tscg_info|C050_R02|T120_p1, 13054 ms)
[full-v2] 725 new requests done (last: select|normalized|C100_R02|T008_p0, 49085 ms)
[full-v2] 750 new requests done (last: select|tscg_info|C100_R02|T120_p1, 23258 ms)
[full-v2] 775 new requests done (last: select|normalized|C005_R03|T062_p0, 2591 ms)
[full-v2] 800 new requests done (last: select|tscg_info|C005_R03|T220_p1, 10372 ms)
[full-v2] 825 new requests done (last: select|normalized|C010_R03|T062_p0, 6994 ms)
[full-v2] 850 new requests done (last: select|tscg_info|C010_R03|T220_p1, 8940 ms)
[full-v2] 875 new requests done (last: select|normalized|C020_R03|T062_p0, 10171 ms)
[full-v2] 900 new requests done (last: select|tscg_info|C020_R03|T220_p1, 12868 ms)
[full-v2] 925 new requests done (last: select|normalized|C050_R03|T062_p0, 25018 ms)
[full-v2] 950 new requests done (last: select|tscg_info|C050_R03|T220_p1, 24810 ms)
[full-v2] 975 new requests done (last: select|normalized|C100_R03|T062_p0, 21211 ms)
[full-v2] 1000 new requests done (last: select|tscg_info|C100_R03|T220_p1, 51791 ms)
[full-v2] 1025 new requests done (last: select|normalized|C005_R04|T218_p0, 2788 ms)
[full-v2] 1050 new requests done (last: select|tscg_info|C005_R04|T168_p1, 1665 ms)
[full-v2] 1075 new requests done (last: select|normalized|C010_R04|T218_p0, 4254 ms)
[full-v2] 1100 new requests done (last: select|tscg_info|C010_R04|T168_p1, 2290 ms)
[full-v2] 1125 new requests done (last: select|normalized|C020_R04|T218_p0, 6756 ms)
[full-v2] 1150 new requests done (last: select|tscg_info|C020_R04|T168_p1, 2907 ms)
[full-v2] 1175 new requests done (last: select|normalized|C050_R04|T218_p0, 12943 ms)
[full-v2] 1200 new requests done (last: select|tscg_info|C050_R04|T168_p1, 6794 ms)
[full-v2] 1225 new requests done (last: select|normalized|C100_R04|T218_p0, 23035 ms)
[full-v2] 1250 new requests done (last: select|tscg_info|C100_R04|T168_p1, 12545 ms)
[full-v2] 1275 new requests done (last: select|normalized|C005_R05|T055_p0, 3199 ms)
[full-v2] 1300 new requests done (last: select|tscg_info|C005_R05|T092_p1, 3980 ms)
[full-v2] 1325 new requests done (last: select|normalized|C010_R05|T055_p0, 4310 ms)
[full-v2] 1350 new requests done (last: select|tscg_info|C010_R05|T092_p1, 4400 ms)
[full-v2] 1375 new requests done (last: select|normalized|C020_R05|T055_p0, 6421 ms)
[full-v2] 1400 new requests done (last: select|tscg_info|C020_R05|T092_p1, 6738 ms)
[full-v2] 1425 new requests done (last: select|normalized|C050_R05|T055_p0, 14213 ms)
[full-v2] 1450 new requests done (last: select|tscg_info|C050_R05|T092_p1, 13950 ms)
[full-v2] 1475 new requests done (last: select|normalized|C100_R05|T055_p0, 26781 ms)
[full-v2] 1500 new requests done (last: select|tscg_info|C100_R05|T092_p1, 24342 ms)
[full-v2] 1525 new requests done (last: select|normalized|C005_R06|T248_p0, 2210 ms)
[full-v2] 1550 new requests done (last: select|tscg_info|C005_R06|T005_p1, 4163 ms)
[full-v2] 1575 new requests done (last: select|normalized|C010_R06|T248_p0, 3131 ms)
[full-v2] 1600 new requests done (last: select|tscg_info|C010_R06|T005_p1, 4814 ms)
[full-v2] 1625 new requests done (last: select|normalized|C020_R06|T248_p0, 5054 ms)
[full-v2] 1650 new requests done (last: select|tscg_info|C020_R06|T005_p1, 6696 ms)
[full-v2] 1675 new requests done (last: select|normalized|C050_R06|T248_p0, 9386 ms)
[full-v2] 1700 new requests done (last: select|tscg_info|C050_R06|T005_p1, 12773 ms)
[full-v2] 1725 new requests done (last: select|normalized|C100_R06|T248_p0, 20509 ms)
[full-v2] 1750 new requests done (last: select|tscg_info|C100_R06|T005_p1, 23984 ms)
[full-v2] 1775 new requests done (last: select|normalized|C005_R07|T158_p0, 6087 ms)
[full-v2] 1800 new requests done (last: select|tscg_info|C005_R07|T203_p1, 5765 ms)
[full-v2] 1825 new requests done (last: select|normalized|C010_R07|T158_p0, 8162 ms)
[full-v2] 1850 new requests done (last: select|tscg_info|C010_R07|T203_p1, 4975 ms)
[full-v2] 1875 new requests done (last: select|normalized|C020_R07|T158_p0, 12197 ms)
[full-v2] 1900 new requests done (last: select|tscg_info|C020_R07|T203_p1, 7262 ms)
[full-v2] 1925 new requests done (last: select|normalized|C050_R07|T158_p0, 22753 ms)
[full-v2] 1950 new requests done (last: select|tscg_info|C050_R07|T203_p1, 13353 ms)
[full-v2] 1975 new requests done (last: select|normalized|C100_R07|T158_p0, 40614 ms)
[full-v2] 2000 new requests done (last: select|tscg_info|C100_R07|T203_p1, 24553 ms)
[full-v2] 2025 new requests done (last: select|normalized|C005_R08|T250_p0, 5267 ms)
[full-v2] 2050 new requests done (last: select|tscg_info|C005_R08|T161_p1, 2977 ms)
[full-v2] 2075 new requests done (last: select|normalized|C010_R08|T250_p0, 6823 ms)
[full-v2] 2100 new requests done (last: select|tscg_info|C010_R08|T161_p1, 3577 ms)
[full-v2] 2125 new requests done (last: select|normalized|C020_R08|T250_p0, 9874 ms)
[full-v2] 2150 new requests done (last: select|tscg_info|C020_R08|T161_p1, 5259 ms)
[full-v2] 2175 new requests done (last: select|normalized|C050_R08|T250_p0, 17850 ms)
[full-v2] 2200 new requests done (last: select|tscg_info|C050_R08|T161_p1, 8571 ms)
[full-v2] 25 new requests done (last: select|normalized|C100_R08|T250_p0, 29488 ms)
[full-v2] 50 new requests done (last: select|tscg_info|C100_R08|T161_p1, 10669 ms)
[full-v2] 75 new requests done (last: select|normalized|C005_R09|T240_p0, 3123 ms)
[full-v2] 100 new requests done (last: select|tscg_info|C005_R09|T057_p1, 2451 ms)
[full-v2] 125 new requests done (last: select|normalized|C010_R09|T240_p0, 4787 ms)
[full-v2] 150 new requests done (last: select|tscg_info|C010_R09|T057_p1, 3465 ms)
[full-v2] 175 new requests done (last: select|normalized|C020_R09|T240_p0, 6842 ms)
[full-v2] 200 new requests done (last: select|tscg_info|C020_R09|T057_p1, 4990 ms)
[full-v2] 225 new requests done (last: select|normalized|C050_R09|T240_p0, 15178 ms)
[full-v2] 250 new requests done (last: select|tscg_info|C050_R09|T057_p1, 8804 ms)
[full-v2] 275 new requests done (last: select|normalized|C100_R09|T240_p0, 24885 ms)
[full-v2] 300 new requests done (last: select|tscg_info|C100_R09|T057_p1, 12471 ms)
[full-v2] 325 new requests done (last: arggen|raw|single|T008_p0, 6156 ms)
[full-v2] 350 new requests done (last: arggen|raw|single|T168_p1, 1322 ms)
[full-v2] 375 new requests done (last: arggen|raw|single|T158_p0, 5972 ms)
[full-v2] 400 new requests done (last: arggen|raw|single|T057_p1, 2218 ms)
[full-v2] 425 new requests done (last: arggen|minified|single|T008_p0, 4362 ms)
[full-v2] 450 new requests done (last: arggen|minified|single|T168_p1, 1362 ms)
[full-v2] 475 new requests done (last: arggen|minified|single|T158_p0, 4930 ms)
[full-v2] 500 new requests done (last: arggen|minified|single|T057_p1, 2257 ms)
[full-v2] 525 new requests done (last: arggen|normalized|single|T008_p0, 5421 ms)
[full-v2] 550 new requests done (last: arggen|normalized|single|T168_p1, 1318 ms)
[full-v2] 575 new requests done (last: arggen|normalized|single|T158_p0, 6222 ms)
[full-v2] 600 new requests done (last: arggen|normalized|single|T057_p1, 2275 ms)
[full-v2] 625 new requests done (last: arggen|tscg|single|T008_p0, 4784 ms)
[full-v2] 650 new requests done (last: arggen|tscg|single|T168_p1, 1238 ms)
[full-v2] 675 new requests done (last: arggen|tscg|single|T158_p0, 4109 ms)
[full-v2] 700 new requests done (last: arggen|tscg|single|T057_p1, 1692 ms)
[full-v2] 725 new requests done (last: arggen|tscg_info|single|T008_p0, 5657 ms)
[full-v2] 750 new requests done (last: arggen|tscg_info|single|T168_p1, 1276 ms)
[full-v2] 775 new requests done (last: arggen|tscg_info|single|T158_p0, 4813 ms)
[full-v2] 800 new requests done (last: arggen|tscg_info|single|T057_p1, 1526 ms)
run full-v2: 800 new requests, results at /home/user/api-orchestration-at-scale/experiment/runs/full-v2/results.jsonl
FULL_EXIT=0
